// Jest Snapshot v1, https://goo.gl/fbAQLP

exports[`Should render LoginPage 1`] = `
<div>
  <h1>
    Login Page
  </h1>
  <button>
    Log in
  </button>
</div>
`;
